BLOCKED workspace list --session default 
BLOCKED pane get w5F:p2 --session firstmate 
BLOCKED pane get w56:p2 --session firstmate 
BLOCKED pane get w1V:p2 --session firstmate 
BLOCKED pane get w4Y:p2 --session firstmate 
BLOCKED BLOCKED pane get w44:p2 --session firstmate 
pane get w7B:p2 --session firstmate 
BLOCKED pane get w1:pA --session firstmate 
BLOCKED pane get w4N:p2 --session firstmate 
SYNTH status --json --session firstmate 
SYNTH status --json --session firstmate 
SYNTH status --json --session firstmate 
BLOCKED pane read w1:pA --source recent --lines 200 --session firstmate 
BLOCKED pane read w4Y:p2 --source recent --lines 200 --session firstmate 
BLOCKED pane read w3C:p2 --source recent --lines 200 --session firstmate 
BLOCKED pane get w1:pA --session firstmate 
SYNTH status --json --session firstmate 
BLOCKED pane get w3C:p2 --session firstmate 
BLOCKED pane get w4Y:p2 --session firstmate 
BLOCKED pane read w5F:p2 --source recent --lines 200 --session firstmate 
SYNTH status --json --session firstmate 
SYNTH status --json --session firstmate 
SYNTH status --json --session firstmate 
SYNTH status --json --session firstmate 
BLOCKED pane get w5F:p2 --session firstmate 
SYNTH status --json --session firstmate 
BLOCKED pane read w56:p2 --source recent --lines 200 --session firstmate 
BLOCKED pane read w4N:p2 --source recent --lines 200 --session firstmate 
SYNTH status --json --session firstmate 
BLOCKED pane get w56:p2 --session firstmate 
BLOCKED pane get w4N:p2 --session firstmate 
BLOCKED pane read w1V:p2 --source recent --lines 200 --session firstmate 
SYNTH status --json --session firstmate 
SYNTH status --json --session firstmate 
BLOCKED pane get w1V:p2 --session firstmate 
BLOCKED pane read w7B:p2 --source recent --lines 200 --session firstmate 
SYNTH status --json --session firstmate 
SYNTH status --json --session firstmate 
SYNTH status --json --session firstmate 
BLOCKED pane get w7B:p2 --session firstmate 
SYNTH status --json --session firstmate 
BLOCKED pane read w44:p2 --source recent --lines 200 --session firstmate 
BLOCKED pane get w44:p2 --session firstmate 
SYNTH status --json --session firstmate 
SYNTH status --json --session firstmate 
BLOCKED pane get w5R:p2 --session firstmate 
BLOCKED pane get w5C:p2 --session firstmate 
BLOCKED pane get w7E:p2 --session firstmate 
BLOCKED pane get w7C:p2 --session firstmate 
BLOCKED pane get w7F:p2 --session firstmate 
BLOCKED pane get w7D:p2 --session firstmate 
BLOCKED pane get w1:pD --session firstmate 
BLOCKED pane get w5K:p2 --session firstmate 
SYNTH status --json --session firstmate 
BLOCKED pane read w7D:p2 --source recent --lines 200 --session firstmate 
SYNTH status --json --session firstmate 
BLOCKED pane get w7D:p2 --session firstmate 
BLOCKED pane read w7E:p2 --source recent --lines 200 --session firstmate 
BLOCKED pane get w7E:p2 --session firstmate 
SYNTH status --json --session firstmate 
SYNTH status --json --session firstmate 
SYNTH status --json --session firstmate 
BLOCKED pane read w1:pD --source recent --lines 200 --session firstmate 
BLOCKED pane read w7F:p2 --source recent --lines 200 --session firstmate 
BLOCKED pane get w1:pD --session firstmate 
SYNTH status --json --session firstmate 
SYNTH status --json --session firstmate 
BLOCKED pane get w7F:p2 --session firstmate 
BLOCKED pane read w5K:p2 --source recent --lines 200 --session firstmate 
BLOCKED pane get w5K:p2 --session firstmate 
SYNTH status --json --session firstmate 
SYNTH status --json --session firstmate 
SYNTH status --json --session firstmate 
BLOCKED pane read w5R:p2 --source recent --lines 200 --session firstmate 
SYNTH status --json --session firstmate 
BLOCKED pane get w5R:p2 --session firstmate 
SYNTH status --json --session firstmate 
SYNTH status --json --session firstmate 
BLOCKED pane read w7C:p2 --source recent --lines 200 --session firstmate 
BLOCKED pane get w7C:p2 --session firstmate 
SYNTH status --json --session firstmate 
SYNTH status --json --session firstmate 
BLOCKED pane read w5C:p2 --source recent --lines 200 --session firstmate 
BLOCKED pane get w5C:p2 --session firstmate 
SYNTH status --json --session firstmate 
SYNTH status --json --session firstmate 
BLOCKED pane read w3S:p2 --source recent --lines 200 --session firstmate 
BLOCKED pane get w3S:p2 --session firstmate 
SYNTH status --json --session firstmate 
BLOCKED pane get w5V:p2 --session firstmate 
BLOCKED pane get w5S:p2 --session firstmate 
BLOCKED pane get w58:p2 --session firstmate 
BLOCKED pane get w5N:p2 --session firstmate 
BLOCKED pane get w5W:p2 --session firstmate 
BLOCKED pane get w5P:p2 --session firstmate 
BLOCKED pane get w39:p2 --session firstmate 
BLOCKED pane get w5J:p2 --session firstmate 
SYNTH status --json --session firstmate 
SYNTH status --json --session firstmate 
BLOCKED pane read w5V:p2 --source recent --lines 200 --session firstmate 
BLOCKED pane read w58:p2 --source recent --lines 200 --session firstmate 
BLOCKED pane get w5V:p2 --session firstmate 
SYNTH status --json --session firstmate 
BLOCKED pane get w58:p2 --session firstmate 
SYNTH status --json --session firstmate 
BLOCKED pane read w5W:p2 --source recent --lines 200 --session firstmate 
SYNTH status --json --session firstmate 
BLOCKED pane get w5W:p2 --session firstmate 
BLOCKED pane read w5S:p2 --source recent --lines 200 --session firstmate 
SYNTH status --json --session firstmate 
SYNTH status --json --session firstmate 
SYNTH status --json --session firstmate 
BLOCKED pane read w5N:p2 --source recent --lines 200 --session firstmate 
BLOCKED pane read w5J:p2 --source recent --lines 200 --session firstmate 
BLOCKED pane get w5S:p2 --session firstmate 
BLOCKED pane get w5N:p2 --session firstmate 
SYNTH status --json --session firstmate 
BLOCKED pane get w5J:p2 --session firstmate 
SYNTH status --json --session firstmate 
SYNTH status --json --session firstmate 
BLOCKED pane read w5P:p2 --source recent --lines 200 --session firstmate 
BLOCKED pane get w5P:p2 --session firstmate 
SYNTH status --json --session firstmate SYNTH 
status --json --session firstmate 
SYNTH status --json --session firstmate 
SYNTH status --json --session firstmate 
BLOCKED pane read w3T:p2 --source recent --lines 200 --session firstmate 
BLOCKED pane get w3T:p2 --session firstmate 
SYNTH status --json --session firstmate 
SYNTH status --json --session firstmate 
BLOCKED pane read w39:p2 --source recent --lines 200 --session firstmate 
BLOCKED pane get w39:p2 --session firstmate 
SYNTH status --json --session firstmate 
BLOCKED pane get w5E:p2 --session firstmate 
BLOCKED pane get w5T:p2 --session firstmate 
BLOCKED pane get w5M:p2 --session firstmate 
BLOCKED pane get w5Z:p2 --session firstmate 
BLOCKED pane get w54:p2 --session firstmate 
BLOCKED pane get w5Q:p2 --session firstmate 
BLOCKED pane get w1:p8 --session firstmate 
BLOCKED pane get w59:p2 --session firstmate 
SYNTH status --json --session firstmate 
BLOCKED pane read w5T:p2 --source recent --lines 200 --session firstmate 
SYNTH status --json --session firstmate 
BLOCKED pane get w5T:p2 --session firstmate 
BLOCKED pane read w1:p8 --source recent --lines 200 --session firstmate 
SYNTH status --json --session firstmate 
SYNTH status --json --session firstmate 
BLOCKED pane get w1:p8 --session firstmate 
SYNTH status --json --session firstmate 
BLOCKED pane read w5Q:p2 --source recent --lines 200 --session firstmate 
SYNTH status --json --session firstmate 
BLOCKED pane read w5Z:p2 --source recent --lines 200 --session firstmate 
BLOCKED pane read w5M:p2 --source recent --lines 200 --session firstmate 
SYNTH status --json --session firstmate 
BLOCKED pane read w59:p2 --source recent --lines 200 --session firstmate 
BLOCKED pane get w5Q:p2 --session firstmate 
BLOCKED pane get w5Z:p2 --session firstmate 
BLOCKED SYNTH pane get w5M:p2 --session firstmate 
status --json --session firstmate 
BLOCKED pane get w59:p2 --session firstmate 
SYNTH status --json --session firstmate 
SYNTH status --json --session firstmate 
SYNTH status --json --session firstmate 
BLOCKED pane read w56:p2 --source recent --lines 200 --session firstmate 
SYNTH status --json --session firstmate 
SYNTH status --json --session firstmate 
SYNTH status --json --session firstmate 
BLOCKED pane read w5E:p2 --source recent --lines 200 --session firstmate 
BLOCKED pane get w56:p2 --session firstmate 
SYNTH status --json --session firstmate 
BLOCKED pane get w5E:p2 --session firstmate 
BLOCKED pane read w54:p2 --source recent --lines 200 --session firstmate 
BLOCKED pane get w54:p2 --session firstmate 
SYNTH status --json --session firstmate 
SYNTH status --json --session firstmate 
SYNTH status --json --session firstmate 
BLOCKED pane get w57:p2 --session firstmate 
BLOCKED pane get w5Y:p2 --session firstmate 
BLOCKED pane get w5X:p2 --session firstmate 
BLOCKED BLOCKED pane get w55:p2 --session firstmate pane get w5B:p2 --session firstmate 

BLOCKED pane get w16:p2 --session firstmate 
BLOCKED pane get w62:p2 --session firstmate 
BLOCKED pane get w60:p2 --session firstmate 
BLOCKED pane get w60:p2 --session firstmate 
SYNTH status --json --session firstmate 
SYNTH status --json --session firstmate 
BLOCKED pane read w5Y:p2 --source recent --lines 200 --session firstmate 
SYNTH status --json --session firstmate 
BLOCKED pane read w5X:p2 --source recent --lines 200 --session firstmate 
SYNTH status --json --session firstmate 
BLOCKED pane get w5Y:p2 --session firstmate 
BLOCKED pane get w5X:p2 --session firstmate 
BLOCKED pane read w57:p2 --source recent --lines 200 --session firstmate 
BLOCKED pane get w57:p2 --session firstmate 
SYNTH status --json --session firstmate SYNTH 
status --json --session firstmate 
SYNTH status --json --session firstmate 
SYNTH status --json --session firstmate 
BLOCKED pane read w60:p2 --source recent --lines 200 --session firstmate 
SYNTH status --json --session firstmate 
BLOCKED pane read w55:p2 --source recent --lines 200 --session firstmate 
BLOCKED pane read w62:p2 --source recent --lines 200 --session firstmate 
BLOCKED pane get w60:p2 --session firstmate 
BLOCKED pane get w55:p2 --session firstmate 
BLOCKED pane get w62:p2 --session firstmate 
SYNTH status --json --session firstmate 
SYNTH status --json --session firstmate 
SYNTH status --json --session firstmate 
SYNTH status --json --session firstmate 
SYNTH status --json --session firstmate 
BLOCKED pane read w5F:p2 --source recent --lines 200 --session firstmate 
BLOCKED pane get w5F:p2 --session firstmate 
SYNTH status --json --session firstmate 
BLOCKED pane read w5B:p2 --source recent --lines 200 --session firstmate 
BLOCKED pane get w5B:p2 --session firstmate 
SYNTH status --json --session firstmate 
SYNTH status --json --session firstmate 
SYNTH status --json --session firstmate 
BLOCKED pane read w16:p2 --source recent --lines 200 --session firstmate 
BLOCKED pane get w16:p2 --session firstmate 
SYNTH status --json --session firstmate 
SYNTH status --json --session firstmate 
BLOCKED pane read w1V:p2 --source recent --lines 200 --session firstmate 
BLOCKED pane get w1V:p2 --session firstmate 
SYNTH status --json --session firstmate 
BLOCKED pane get w61:p2 --session firstmate 
BLOCKED pane get w66:p2 --session firstmate 
BLOCKED pane get w61:p2 --session firstmate 
BLOCKED pane get w6Z:p2 --session firstmate 
BLOCKED pane get w68:p2 --session firstmate 
BLOCKED pane get w6V:p2 --session firstmate 
BLOCKED pane get w6B:p2 --session firstmate 
BLOCKED pane get w66:p2 --session firstmate 
BLOCKED pane get w6Y:p2 --session firstmate 
BLOCKED pane get w6Z:p2 --session firstmate 
BLOCKED pane get w68:p2 --session firstmate 
BLOCKED pane get w6V:p2 --session firstmate 
BLOCKED pane get w6W:p2 --session firstmate 
BLOCKED pane get w6B:p2 --session firstmate 
SYNTH status --json --session firstmate 
BLOCKED pane get w6Y:p2 --session firstmate 
BLOCKED pane get w6W:p2 --session firstmate 
SYNTH status --json --session firstmate 
SYNTH status --json --session firstmate 
SYNTH status --json --session firstmate 
SYNTH status --json --session firstmate 
SYNTH status --json --session firstmate 
SYNTH status --json --session firstmate 
SYNTH status --json --session firstmate 
SYNTH status --json --session firstmate 
SYNTH status --json --session firstmate 
BLOCKED pane read w68:p2 --source recent --lines 200 --session firstmate 
BLOCKED pane read w66:p2 --source recent --lines 200 --session firstmate 
BLOCKED pane get w68:p2 --session firstmate 
BLOCKED pane get w66:p2 --session firstmate 
SYNTH status --json --session firstmate 
SYNTH status --json --session firstmate 
BLOCKED pane read w6W:p2 --source recent --lines 200 --session firstmate 
SYNTH status --json --session firstmate 
SYNTH status --json --session firstmate 
BLOCKED pane read w6Z:p2 --source recent --lines 200 --session firstmate 
BLOCKED pane get w6W:p2 --session firstmate 
SYNTH status --json --session firstmate 
BLOCKED pane get w6Z:p2 --session firstmate 
SYNTH status --json --session firstmate 
BLOCKED pane read w6Y:p2 --source recent --lines 200 --session firstmate 
BLOCKED pane read w6V:p2 --source recent --lines 200 --session firstmate 
BLOCKED pane get w6Y:p2 --session firstmate 
SYNTH status --json --session firstmate 
BLOCKED pane get w6V:p2 --session firstmate 
SYNTH status --json --session firstmate 
SYNTH status --json --session firstmate 
SYNTH status --json --session firstmate 
SYNTH status --json --session firstmate 
SYNTH status --json --session firstmate 
BLOCKED pane read w4Y:p2 --source recent --lines 200 --session firstmate 
BLOCKED pane read w6B:p2 --source recent --lines 200 --session firstmate 
BLOCKED pane get w4Y:p2 --session firstmate 
BLOCKED pane get w6B:p2 --session firstmate 
SYNTH status --json --session firstmate 
SYNTH status --json --session firstmate 
SYNTH status --json --session firstmate 
BLOCKED pane read w61:p2 --source recent --lines 200 --session firstmate 
BLOCKED pane get w61:p2 --session firstmate 
SYNTH status --json --session firstmate 
BLOCKED pane get w6X:p2 --session firstmate 
BLOCKED pane get w65:p2 --session firstmate 
BLOCKED pane get w79:p2 --session firstmate 
BLOCKED pane get w69:p2 --session firstmate 
BLOCKED pane get w6A:p2 --session firstmate 
BLOCKED pane get w6S:p2 --session firstmate 
BLOCKED pane get w6X:p2 --session firstmate 
BLOCKED pane get w65:p2 --session firstmate 
BLOCKED pane get w79:p2 --session firstmate 
BLOCKED pane get w69:p2 --session firstmate 
BLOCKED pane get w6A:p2 --session firstmate 
BLOCKED pane get w67:p2 --session firstmate 
BLOCKED pane get w71:p2 --session firstmate 
BLOCKED pane get w6S:p2 --session firstmate 
SYNTH status --json --session firstmate 
BLOCKED pane get w71:p2 --session firstmate 
BLOCKED pane get w67:p2 --session firstmate 
SYNTH status --json --session firstmate 
SYNTH status --json --session firstmate 
BLOCKED pane read w4N:p2 --source recent --lines 200 --session firstmate 
SYNTH status --json --session firstmate 
SYNTH status --json --session firstmate 
SYNTH status --json --session firstmate 
BLOCKED pane get w4N:p2 --session firstmate 
SYNTH status --json --session firstmate 
SYNTH status --json --session firstmate 
SYNTH status --json --session firstmate 
SYNTH status --json --session firstmate 
SYNTH status --json --session firstmate 
BLOCKED pane read w6X:p2 --source recent --lines 200 --session firstmate 
SYNTH status --json --session firstmate 
BLOCKED pane get w6X:p2 --session firstmate 
BLOCKED pane read w65:p2 --source recent --lines 200 --session firstmate 
SYNTH status --json --session firstmate 
SYNTH status --json --session firstmate 
BLOCKED pane get w65:p2 --session firstmate 
SYNTH status --json --session firstmate 
BLOCKED pane read w67:p2 --source recent --lines 200 --session firstmate 
BLOCKED pane read w6S:p2 --source recent --lines 200 --session firstmate 
SYNTH status --json --session firstmate 
BLOCKED pane read w79:p2 --source recent --lines 200 --session firstmate 
SYNTH status --json --session firstmate 
SYNTH status --json --session firstmate BLOCKED pane get w6S:p2 --session firstmate 

BLOCKED pane get w67:p2 --session firstmate 
BLOCKED pane read w71:p2 --source recent --lines 200 --session firstmate 
SYNTH status --json --session firstmate 
BLOCKED pane get w79:p2 --session firstmate 
SYNTH status --json --session firstmate 
BLOCKED pane read w69:p2 --source recent --lines 200 --session firstmate 
BLOCKED pane get w71:p2 --session firstmate 
BLOCKED pane read w6A:p2 --source recent --lines 200 --session firstmate 
SYNTH status --json --session firstmate 
BLOCKED pane get w69:p2 --session firstmate 
SYNTH status --json --session firstmate 
SYNTH status --json --session firstmate 
BLOCKED pane get w6A:p2 --session firstmate 
SYNTH status --json --session firstmate 
SYNTH status --json --session firstmate 
SYNTH status --json --session firstmate 
BLOCKED pane get w3S:p2 --session firstmate 
BLOCKED pane get w3C:p2 --session firstmate 
BLOCKED pane get w3T:p2 --session firstmate 
SYNTH status --json --session firstmate 
BLOCKED pane read w7B:p2 --source recent --lines 200 --session firstmate 
BLOCKED pane get w7B:p2 --session firstmate 
SYNTH status --json --session firstmate 
SYNTH status --json --session firstmate 
BLOCKED pane read w3C:p2 --source recent --lines 200 --session firstmate 
BLOCKED pane get w3C:p2 --session firstmate 
SYNTH status --json --session firstmate 
SYNTH status --json --session firstmate 
BLOCKED pane read w3S:p2 --source recent --lines 200 --session firstmate 
BLOCKED pane get w3S:p2 --session firstmate 
SYNTH status --json --session firstmate 
SYNTH status --json --session firstmate 
SYNTH status --json --session firstmate 
BLOCKED pane read w3T:p2 --source recent --lines 200 --session firstmate 
BLOCKED pane read w44:p2 --source recent --lines 200 --session firstmate 
BLOCKED pane get w3T:p2 --session firstmate 
BLOCKED pane get w44:p2 --session firstmate 
SYNTH status --json --session firstmate 
SYNTH status --json --session firstmate 
BLOCKED pane get w56:p2 --session firstmate 
BLOCKED pane get w5F:p2 --session firstmate 
BLOCKED pane get w1V:p2 --session firstmate 
BLOCKED pane get w4Y:p2 --session firstmate 
BLOCKED pane get w4N:p2 --session firstmate 
BLOCKED pane get w7B:p2 --session firstmate 
BLOCKED pane get w44:p2 --session firstmate 
BLOCKED pane get w1:pA --session firstmate 
BLOCKED pane get w5C:p2 --session firstmate 
BLOCKED pane get w5R:p2 --session firstmate 
BLOCKED pane get w7E:p2 --session firstmate 
BLOCKED pane get w7C:p2 --session firstmate 
BLOCKED pane get w7D:p2 --session firstmate 
BLOCKED pane get w7F:p2 --session firstmate 
BLOCKED pane get w1:pD --session firstmate 
BLOCKED pane get w5K:p2 --session firstmate 
BLOCKED pane get w5V:p2 --session firstmate 
BLOCKED pane get w58:p2 --session firstmate 
BLOCKED pane get w5W:p2 --session firstmate 
BLOCKED pane get w5N:p2 --session firstmate 
BLOCKED pane get w5S:p2 --session firstmate 
BLOCKED pane get w5P:p2 --session firstmate 
BLOCKED pane get w5J:p2 --session firstmate 
BLOCKED pane get w39:p2 --session firstmate 
BLOCKED pane get w5E:p2 --session firstmate 
BLOCKED pane get w5M:p2 --session firstmate 
BLOCKED pane get w5T:p2 --session firstmate 
BLOCKED pane get w54:p2 --session firstmate 
BLOCKED pane get w5Q:p2 --session firstmate 
BLOCKED pane get w5Z:p2 --session firstmate 
BLOCKED pane get w59:p2 --session firstmate 
BLOCKED pane get w1:p8 --session firstmate 
BLOCKED pane get w57:p2 --session firstmate 
BLOCKED pane get w5Y:p2 --session firstmate 
BLOCKED pane get w5X:p2 --session firstmate 
BLOCKED pane get w55:p2 --session firstmate 
BLOCKED pane get w5B:p2 --session firstmate 
BLOCKED pane get w16:p2 --session firstmate 
BLOCKED pane get w62:p2 --session firstmate 
BLOCKED pane get w60:p2 --session firstmate 
BLOCKED pane get w61:p2 --session firstmate 
BLOCKED pane get w68:p2 --session firstmate 
BLOCKED pane get w6V:p2 --session firstmate 
BLOCKED pane get w6B:p2 --session firstmate 
BLOCKED pane get w6Z:p2 --session firstmate 
BLOCKED pane get w6Y:p2 --session firstmate 
BLOCKED pane get w66:p2 --session firstmate 
BLOCKED pane get w6W:p2 --session firstmate 
BLOCKED pane get w79:p2 --session firstmate 
BLOCKED pane get w65:p2 --session firstmate 
BLOCKED pane get w69:p2 --session firstmate 
BLOCKED pane get w6X:p2 --session firstmate 
BLOCKED pane get w6S:p2 --session firstmate 
BLOCKED pane get w71:p2 --session firstmate 
BLOCKED pane get w6A:p2 --session firstmate 
BLOCKED pane get w67:p2 --session firstmate 
BLOCKED pane get w3C:p2 --session firstmate 
BLOCKED pane get w3S:p2 --session firstmate 
BLOCKED pane get w3T:p2 --session firstmate 
