BLOCKED workspace list --session default 
BLOCKED pane get w56:p2 --session firstmate 
BLOCKED pane get w4Y:p2 --session firstmate 
BLOCKED pane get w4N:p2 --session firstmate 
BLOCKED pane get w1:pA --session firstmate 
BLOCKED pane get w5F:p2 --session firstmate 
BLOCKED pane get w44:p2 --session firstmate 
BLOCKED pane get w1V:p2 --session firstmate 
BLOCKED pane get w7B:p2 --session firstmate 
BLOCKED status --json --session firstmate 
BLOCKED server --session firstmate 
BLOCKED status --json --session firstmate 
BLOCKED status --json --session firstmate 
BLOCKED server --session firstmate 
BLOCKED status --json --session firstmate 
BLOCKED status --json --session firstmate 
BLOCKED status --json --session firstmate 
BLOCKED server --session firstmate 
BLOCKED status --json --session firstmate 
BLOCKED status --json --session firstmate 
BLOCKED server --session firstmate 
BLOCKED server --session firstmate 
BLOCKED status --json --session firstmate 
BLOCKED status --json --session firstmate 
BLOCKED status --json --session firstmate 
BLOCKED server --session firstmate 
BLOCKED status --json --session firstmate 
BLOCKED status --json --session firstmate 
BLOCKED server --session firstmate 
BLOCKED status --json --session firstmate 
BLOCKED server --session firstmate 
BLOCKED status --json --session firstmate 
BLOCKED status --json --session firstmate 
BLOCKED status --json --session firstmate 
BLOCKED server --session firstmate 
BLOCKED status --json --session firstmate 
BLOCKED status --json --session firstmate 
BLOCKED status --json --session firstmate 
BLOCKED status --json --session firstmate 
BLOCKED status --json --session firstmate 
BLOCKED status --json --session firstmate 
BLOCKED status --json --session firstmate 
BLOCKED status --json --session firstmate 
BLOCKED status --json --session firstmate 
BLOCKED status --json --session firstmate 
BLOCKED status --json --session firstmate 
BLOCKED status --json --session firstmate 
BLOCKED status --json --session firstmate 
BLOCKED status --json --session firstmate 
BLOCKED status --json --session firstmate 
BLOCKED status --json --session firstmate 
BLOCKED status --json --session firstmate 
BLOCKED status --json --session firstmate 
BLOCKED status --json --session firstmate 
BLOCKED status --json --session firstmate 
BLOCKED status --json --session firstmate 
BLOCKED status --json --session firstmate 
BLOCKED status --json --session firstmate 
BLOCKED status --json --session firstmate 
BLOCKED status --json --session firstmate 
BLOCKED status --json --session firstmate 
BLOCKED status --json --session firstmate 
BLOCKED status --json --session firstmate 
BLOCKED status --json --session firstmate 
BLOCKED status --json --session firstmate 
BLOCKED status --json --session firstmate 
BLOCKED status --json --session firstmate 
BLOCKED status --json --session firstmate 
BLOCKED status --json --session firstmate 
BLOCKED status --json --session firstmate 
BLOCKED status --json --session firstmate 
BLOCKED status --json --session firstmate 
BLOCKED status --json --session firstmate 
BLOCKED status --json --session firstmate 
BLOCKED status --json --session firstmate 
BLOCKED status --json --session firstmate 
BLOCKED status --json --session firstmate 
BLOCKED status --json --session firstmate 
BLOCKED status --json --session firstmate 
BLOCKED status --json --session firstmate 
BLOCKED status --json --session firstmate 
BLOCKED status --json --session firstmate 
BLOCKED status --json --session firstmate 
BLOCKED status --json --session firstmate 
BLOCKED status --json --session firstmate 
BLOCKED status --json --session firstmate 
BLOCKED status --json --session firstmate 
BLOCKED status --json --session firstmate 
BLOCKED status --json --session firstmate 
BLOCKED status --json --session firstmate 
BLOCKED status --json --session firstmate 
BLOCKED status --json --session firstmate 
BLOCKED status --json --session firstmate 
BLOCKED status --json --session firstmate 
BLOCKED status --json --session firstmate 
BLOCKED status --json --session firstmate 
BLOCKED status --json --session firstmate 
BLOCKED status --json --session firstmate 
BLOCKED status --json --session firstmate 
BLOCKED status --json --session firstmate 
BLOCKED status --json --session firstmate 
BLOCKED status --json --session firstmate 
BLOCKED status --json --session firstmate 
BLOCKED status --json --session firstmate 
BLOCKED status --json --session firstmate 
BLOCKED status --json --session firstmate 
BLOCKED status --json --session firstmate 
BLOCKED status --json --session firstmate 
BLOCKED status --json --session firstmate 
BLOCKED status --json --session firstmate 
BLOCKED status --json --session firstmate 
BLOCKED status --json --session firstmate 
BLOCKED status --json --session firstmate 
BLOCKED status --json --session firstmate 
BLOCKED status --json --session firstmate 
BLOCKED status --json --session firstmate 
BLOCKED status --json --session firstmate 
BLOCKED status --json --session firstmate 
BLOCKED status --json --session firstmate 
BLOCKED status --json --session firstmate 
BLOCKED status --json --session firstmate 
BLOCKED status --json --session firstmate 
BLOCKED status --json --session firstmate 
BLOCKED status --json --session firstmate 
BLOCKED status --json --session firstmate 
BLOCKED status --json --session firstmate 
BLOCKED status --json --session firstmate 
BLOCKED status --json --session firstmate 
BLOCKED status --json --session firstmate 
BLOCKED status --json --session firstmate 
BLOCKED status --json --session firstmate 
BLOCKED status --json --session firstmate 
BLOCKED status --json --session firstmate 
BLOCKED status --json --session firstmate 
BLOCKED status --json --session firstmate 
BLOCKED status --json --session firstmate 
BLOCKED status --json --session firstmate 
BLOCKED status --json --session firstmate 
BLOCKED status --json --session firstmate 
BLOCKED status --json --session firstmate 
BLOCKED status --json --session firstmate 
BLOCKED status --json --session firstmate 
BLOCKED status --json --session firstmate 
BLOCKED status --json --session firstmate 
BLOCKED status --json --session firstmate 
BLOCKED status --json --session firstmate 
BLOCKED status --json --session firstmate 
BLOCKED status --json --session firstmate 
BLOCKED status --json --session firstmate 
BLOCKED status --json --session firstmate 
BLOCKED status --json --session firstmate 
BLOCKED status --json --session firstmate 
BLOCKED status --json --session firstmate 
BLOCKED status --json --session firstmate 
BLOCKED status --json --session firstmate 
BLOCKED status --json --session firstmate 
BLOCKED status --json --session firstmate 
BLOCKED status --json --session firstmate 
BLOCKED status --json --session firstmate 
BLOCKED status --json --session firstmate 
BLOCKED status --json --session firstmate 
BLOCKED status --json --session firstmate 
BLOCKED status --json --session firstmate 
BLOCKED status --json --session firstmate 
BLOCKED status --json --session firstmate 
BLOCKED status --json --session firstmate 
BLOCKED status --json --session firstmate 
BLOCKED status --json --session firstmate 
BLOCKED status --json --session firstmate 
BLOCKED status --json --session firstmate 
BLOCKED status --json --session firstmate 
BLOCKED status --json --session firstmate 
BLOCKED status --json --session firstmate 
BLOCKED status --json --session firstmate 
BLOCKED status --json --session firstmate 
BLOCKED status --json --session firstmate 
BLOCKED status --json --session firstmate 
BLOCKED status --json --session firstmate 
BLOCKED status --json --session firstmate 
BLOCKED pane get w5C:p2 --session firstmate 
BLOCKED pane get w5R:p2 --session firstmate 
BLOCKED pane get w7E:p2 --session firstmate 
BLOCKED pane get w7C:p2 --session firstmate 
BLOCKED pane get w1:pD --session firstmate 
BLOCKED pane get w7F:p2 --session firstmate 
BLOCKED pane get w7D:p2 --session firstmate 
BLOCKED pane get w5K:p2 --session firstmate 
BLOCKED status --json --session firstmate 
BLOCKED status --json --session firstmate 
BLOCKED server --session firstmate 
BLOCKED status --json --session firstmate 
BLOCKED server --session firstmate 
BLOCKED status --json --session firstmate 
BLOCKED status --json --session firstmate 
BLOCKED status --json --session firstmate 
BLOCKED server --session firstmate 
BLOCKED server --session firstmate 
BLOCKED status --json --session firstmate 
BLOCKED status --json --session firstmate 
BLOCKED status --json --session firstmate 
BLOCKED server --session firstmate 
BLOCKED status --json --session firstmate 
BLOCKED status --json --session firstmate 
BLOCKED server --session firstmate 
BLOCKED status --json --session firstmate 
BLOCKED status --json --session firstmate 
BLOCKED status --json --session firstmate 
BLOCKED status --json --session firstmate 
BLOCKED server --session firstmate 
BLOCKED status --json --session firstmate 
BLOCKED status --json --session firstmate 
BLOCKED status --json --session firstmate 
BLOCKED status --json --session firstmate 
BLOCKED server --session firstmate 
BLOCKED status --json --session firstmate 
BLOCKED status --json --session firstmate 
BLOCKED status --json --session firstmate 
BLOCKED status --json --session firstmate 
BLOCKED status --json --session firstmate 
BLOCKED status --json --session firstmate 
BLOCKED status --json --session firstmate 
BLOCKED status --json --session firstmate 
BLOCKED status --json --session firstmate 
BLOCKED status --json --session firstmate 
BLOCKED status --json --session firstmate 
BLOCKED status --json --session firstmate 
BLOCKED status --json --session firstmate 
BLOCKED status --json --session firstmate 
BLOCKED status --json --session firstmate 
BLOCKED status --json --session firstmate 
BLOCKED status --json --session firstmate 
BLOCKED status --json --session firstmate 
BLOCKED status --json --session firstmate 
BLOCKED status --json --session firstmate 
BLOCKED status --json --session firstmate 
BLOCKED status --json --session firstmate 
BLOCKED status --json --session firstmate 
BLOCKED status --json --session firstmate 
BLOCKED status --json --session firstmate 
BLOCKED status --json --session firstmate 
BLOCKED status --json --session firstmate 
BLOCKED status --json --session firstmate 
BLOCKED status --json --session firstmate 
BLOCKED status --json --session firstmate 
BLOCKED status --json --session firstmate 
BLOCKED status --json --session firstmate 
BLOCKED status --json --session firstmate 
BLOCKED status --json --session firstmate 
BLOCKED status --json --session firstmate 
BLOCKED status --json --session firstmate 
BLOCKED status --json --session firstmate 
BLOCKED status --json --session firstmate 
BLOCKED status --json --session firstmate 
BLOCKED status --json --session firstmate 
BLOCKED status --json --session firstmate 
BLOCKED status --json --session firstmate 
BLOCKED status --json --session firstmate 
BLOCKED status --json --session firstmate 
BLOCKED status --json --session firstmate 
BLOCKED status --json --session firstmate 
BLOCKED status --json --session firstmate 
BLOCKED status --json --session firstmate 
BLOCKED status --json --session firstmate 
BLOCKED status --json --session firstmate 
BLOCKED status --json --session firstmate 
BLOCKED status --json --session firstmate 
BLOCKED status --json --session firstmate 
BLOCKED status --json --session firstmate 
BLOCKED status --json --session firstmate 
BLOCKED status --json --session firstmate 
BLOCKED status --json --session firstmate 
BLOCKED status --json --session firstmate 
BLOCKED status --json --session firstmate 
BLOCKED status --json --session firstmate 
BLOCKED status --json --session firstmate 
BLOCKED status --json --session firstmate 
BLOCKED status --json --session firstmate 
BLOCKED status --json --session firstmate 
BLOCKED status --json --session firstmate 
BLOCKED status --json --session firstmate 
BLOCKED status --json --session firstmate 
BLOCKED status --json --session firstmate 
BLOCKED status --json --session firstmate 
BLOCKED status --json --session firstmate 
BLOCKED status --json --session firstmate 
BLOCKED status --json --session firstmate 
BLOCKED status --json --session firstmate 
BLOCKED status --json --session firstmate 
BLOCKED status --json --session firstmate 
BLOCKED status --json --session firstmate 
BLOCKED status --json --session firstmate 
BLOCKED status --json --session firstmate 
BLOCKED status --json --session firstmate 
BLOCKED status --json --session firstmate 
BLOCKED status --json --session firstmate 
BLOCKED status --json --session firstmate 
BLOCKED status --json --session firstmate 
BLOCKED status --json --session firstmate 
BLOCKED status --json --session firstmate 
BLOCKED status --json --session firstmate 
BLOCKED status --json --session firstmate 
BLOCKED status --json --session firstmate 
BLOCKED status --json --session firstmate 
BLOCKED status --json --session firstmate 
BLOCKED status --json --session firstmate 
BLOCKED status --json --session firstmate 
BLOCKED status --json --session firstmate 
BLOCKED status --json --session firstmate 
BLOCKED BLOCKED status --json --session firstmate 
status --json --session firstmate 
BLOCKED status --json --session firstmate 
BLOCKED status --json --session firstmate 
BLOCKED status --json --session firstmate 
BLOCKED status --json --session firstmate 
BLOCKED status --json --session firstmate 
BLOCKED status --json --session firstmate 
BLOCKED status --json --session firstmate 
BLOCKED status --json --session firstmate 
BLOCKED status --json --session firstmate 
BLOCKED status --json --session firstmate 
BLOCKED status --json --session firstmate 
BLOCKED status --json --session firstmate 
BLOCKED status --json --session firstmate 
BLOCKED status --json --session firstmate 
BLOCKED status --json --session firstmate 
BLOCKED status --json --session firstmate 
BLOCKED status --json --session firstmate 
BLOCKED status --json --session firstmate 
BLOCKED status --json --session firstmate 
BLOCKED status --json --session firstmate 
BLOCKED status --json --session firstmate 
BLOCKED status --json --session firstmate 
BLOCKED status --json --session firstmate 
BLOCKED status --json --session firstmate 
BLOCKED status --json --session firstmate 
BLOCKED status --json --session firstmate 
BLOCKED status --json --session firstmate 
BLOCKED pane get w58:p2 --session firstmate 
BLOCKED pane get w5V:p2 --session firstmate 
BLOCKED pane get w5W:p2 --session firstmate 
BLOCKED pane get w5S:p2 --session firstmate 
BLOCKED pane get w5N:p2 --session firstmate 
BLOCKED pane get w5J:p2 --session firstmate 
BLOCKED pane get w5P:p2 --session firstmate 
BLOCKED pane get w39:p2 --session firstmate 
BLOCKED status --json --session firstmate 
BLOCKED server --session firstmate 
BLOCKED status --json --session firstmate 
BLOCKED status --json --session firstmate 
BLOCKED server --session firstmate 
BLOCKED status --json --session firstmate 
BLOCKED status --json --session firstmate 
BLOCKED status --json --session firstmate 
BLOCKED server --session firstmate 
BLOCKED server --session firstmate 
BLOCKED status --json --session firstmate 
BLOCKED status --json --session firstmate 
BLOCKED status --json --session firstmate 
BLOCKED status --json --session firstmate 
BLOCKED server --session firstmate 
BLOCKED server --session firstmate 
BLOCKED status --json --session firstmate 
BLOCKED status --json --session firstmate 
BLOCKED status --json --session firstmate 
BLOCKED server --session firstmate 
BLOCKED status --json --session firstmate 
BLOCKED status --json --session firstmate 
BLOCKED status --json --session firstmate 
BLOCKED status --json --session firstmate 
BLOCKED status --json --session firstmate 
BLOCKED status --json --session firstmate 
BLOCKED status --json --session firstmate 
BLOCKED status --json --session firstmate 
BLOCKED status --json --session firstmate 
BLOCKED status --json --session firstmate 
BLOCKED status --json --session firstmate 
BLOCKED status --json --session firstmate 
BLOCKED status --json --session firstmate 
BLOCKED status --json --session firstmate 
BLOCKED status --json --session firstmate 
BLOCKED server --session firstmate 
BLOCKED status --json --session firstmate 
BLOCKED status --json --session firstmate 
BLOCKED status --json --session firstmate 
BLOCKED status --json --session firstmate 
BLOCKED status --json --session firstmate 
BLOCKED status --json --session firstmate 
BLOCKED status --json --session firstmate 
BLOCKED status --json --session firstmate 
BLOCKED status --json --session firstmate 
BLOCKED status --json --session firstmate 
BLOCKED status --json --session firstmate 
BLOCKED status --json --session firstmate 
BLOCKED status --json --session firstmate 
BLOCKED status --json --session firstmate 
BLOCKED status --json --session firstmate 
BLOCKED status --json --session firstmate 
BLOCKED status --json --session firstmate 
BLOCKED status --json --session firstmate 
BLOCKED status --json --session firstmate 
BLOCKED status --json --session firstmate 
BLOCKED BLOCKED status --json --session firstmate 
status --json --session firstmate 
BLOCKED status --json --session firstmate 
BLOCKED status --json --session firstmate 
BLOCKED status --json --session firstmate 
BLOCKED status --json --session firstmate 
BLOCKED status --json --session firstmate 
BLOCKED status --json --session firstmate 
BLOCKED status --json --session firstmate 
BLOCKED status --json --session firstmate 
BLOCKED status --json --session firstmate 
BLOCKED status --json --session firstmate 
BLOCKED status --json --session firstmate 
BLOCKED status --json --session firstmate 
BLOCKED status --json --session firstmate 
BLOCKED status --json --session firstmate 
BLOCKED status --json --session firstmate 
BLOCKED status --json --session firstmate 
BLOCKED status --json --session firstmate 
BLOCKED status --json --session firstmate 
BLOCKED status --json --session firstmate 
BLOCKED status --json --session firstmate 
BLOCKED status --json --session firstmate 
BLOCKED status --json --session firstmate 
BLOCKED status --json --session firstmate 
BLOCKED status --json --session firstmate 
BLOCKED status --json --session firstmate 
BLOCKED status --json --session firstmate 
BLOCKED status --json --session firstmate 
BLOCKED status --json --session firstmate 
BLOCKED status --json --session firstmate 
BLOCKED status --json --session firstmate 
BLOCKED status --json --session firstmate 
BLOCKED status --json --session firstmate 
BLOCKED status --json --session firstmate 
BLOCKED status --json --session firstmate 
BLOCKED status --json --session firstmate 
BLOCKED status --json --session firstmate 
BLOCKED status --json --session firstmate 
BLOCKED status --json --session firstmate 
BLOCKED status --json --session firstmate 
BLOCKED status --json --session firstmate 
BLOCKED status --json --session firstmate 
BLOCKED status --json --session firstmate 
BLOCKED status --json --session firstmate 
BLOCKED status --json --session firstmate 
BLOCKED status --json --session firstmate 
BLOCKED status --json --session firstmate 
BLOCKED status --json --session firstmate 
BLOCKED status --json --session firstmate 
BLOCKED status --json --session firstmate 
BLOCKED status --json --session firstmate 
BLOCKED status --json --session firstmate 
BLOCKED status --json --session firstmate 
BLOCKED status --json --session firstmate 
BLOCKED status --json --session firstmate 
BLOCKED status --json --session firstmate 
BLOCKED status --json --session firstmate 
BLOCKED status --json --session firstmate 
BLOCKED status --json --session firstmate 
BLOCKED status --json --session firstmate 
BLOCKED status --json --session firstmate 
BLOCKED status --json --session firstmate 
BLOCKED status --json --session firstmate 
BLOCKED status --json --session firstmate 
BLOCKED status --json --session firstmate 
BLOCKED status --json --session firstmate 
BLOCKED status --json --session firstmate 
BLOCKED status --json --session firstmate 
BLOCKED status --json --session firstmate 
BLOCKED status --json --session firstmate 
BLOCKED status --json --session firstmate 
BLOCKED status --json --session firstmate 
BLOCKED status --json --session firstmate 
BLOCKED status --json --session firstmate 
BLOCKED status --json --session firstmate 
BLOCKED status --json --session firstmate 
BLOCKED status --json --session firstmate 
BLOCKED status --json --session firstmate 
BLOCKED status --json --session firstmate 
BLOCKED status --json --session firstmate 
BLOCKED status --json --session firstmate 
BLOCKED status --json --session firstmate 
BLOCKED status --json --session firstmate 
BLOCKED status --json --session firstmate 
BLOCKED status --json --session firstmate 
BLOCKED status --json --session firstmate 
BLOCKED status --json --session firstmate 
BLOCKED status --json --session firstmate 
BLOCKED status --json --session firstmate 
BLOCKED status --json --session firstmate 
BLOCKED status --json --session firstmate 
BLOCKED status --json --session firstmate 
BLOCKED status --json --session firstmate 
BLOCKED pane get w5E:p2 --session firstmate 
BLOCKED pane get w5Q:p2 --session firstmate 
BLOCKED pane get w5M:p2 --session firstmate 
BLOCKED pane get w5T:p2 --session firstmate 
BLOCKED pane get w1:p8 --session firstmate 
BLOCKED pane get w5Z:p2 --session firstmate 
BLOCKED pane get w59:p2 --session firstmate 
BLOCKED pane get w54:p2 --session firstmate 
BLOCKED status --json --session firstmate 
BLOCKED server --session firstmate 
BLOCKED status --json --session firstmate 
BLOCKED status --json --session firstmate 
BLOCKED status --json --session firstmate 
BLOCKED server --session firstmate 
BLOCKED status --json --session firstmate 
BLOCKED status --json --session firstmate 
BLOCKED server --session firstmate 
BLOCKED server --session firstmate 
BLOCKED status --json --session firstmate 
BLOCKED status --json --session firstmate 
BLOCKED status --json --session firstmate 
BLOCKED status --json --session firstmate 
BLOCKED status --json --session firstmate 
BLOCKED server --session firstmate 
BLOCKED status --json --session firstmate 
BLOCKED server --session firstmate 
BLOCKED server --session firstmate 
BLOCKED status --json --session firstmate 
BLOCKED status --json --session firstmate 
BLOCKED status --json --session firstmate 
BLOCKED server --session firstmate 
BLOCKED status --json --session firstmate 
BLOCKED status --json --session firstmate 
BLOCKED status --json --session firstmate 
BLOCKED status --json --session firstmate 
BLOCKED status --json --session firstmate 
BLOCKED status --json --session firstmate 
BLOCKED status --json --session firstmate 
BLOCKED status --json --session firstmate 
BLOCKED status --json --session firstmate 
BLOCKED status --json --session firstmate 
BLOCKED status --json --session firstmate 
BLOCKED status --json --session firstmate 
BLOCKED status --json --session firstmate 
BLOCKED status --json --session firstmate 
BLOCKED status --json --session firstmate 
BLOCKED status --json --session firstmate 
BLOCKED status --json --session firstmate 
BLOCKED status --json --session firstmate 
BLOCKED status --json --session firstmate 
BLOCKED status --json --session firstmate 
BLOCKED status --json --session firstmate 
BLOCKED status --json --session firstmate 
BLOCKED status --json --session firstmate 
BLOCKED status --json --session firstmate 
BLOCKED status --json --session firstmate 
BLOCKED status --json --session firstmate 
BLOCKED status --json --session firstmate 
BLOCKED status --json --session firstmate 
BLOCKED status --json --session firstmate 
BLOCKED status --json --session firstmate 
BLOCKED status --json --session firstmate 
BLOCKED status --json --session firstmate 
BLOCKED status --json --session firstmate 
BLOCKED status --json --session firstmate 
BLOCKED status --json --session firstmate 
BLOCKED status --json --session firstmate 
BLOCKED status --json --session firstmate 
BLOCKED status --json --session firstmate 
BLOCKED status --json --session firstmate 
BLOCKED status --json --session firstmate 
BLOCKED status --json --session firstmate 
BLOCKED status --json --session firstmate 
BLOCKED status --json --session firstmate 
BLOCKED status --json --session firstmate 
BLOCKED status --json --session firstmate 
BLOCKED status --json --session firstmate 
BLOCKED status --json --session firstmate 
BLOCKED status --json --session firstmate 
BLOCKED status --json --session firstmate 
BLOCKED status --json --session firstmate 
BLOCKED status --json --session firstmate 
BLOCKED status --json --session firstmate 
BLOCKED status --json --session firstmate 
BLOCKED status --json --session firstmate 
BLOCKED status --json --session firstmate 
BLOCKED status --json --session firstmate 
BLOCKED status --json --session firstmate 
BLOCKED status --json --session firstmate 
BLOCKED status --json --session firstmate 
BLOCKED status --json --session firstmate 
BLOCKED status --json --session firstmate 
BLOCKED status --json --session firstmate 
BLOCKED status --json --session firstmate 
BLOCKED status --json --session firstmate 
BLOCKED status --json --session firstmate 
BLOCKED status --json --session firstmate 
BLOCKED status --json --session firstmate 
BLOCKED status --json --session firstmate 
BLOCKED status --json --session firstmate 
BLOCKED status --json --session firstmate 
BLOCKED status --json --session firstmate 
BLOCKED status --json --session firstmate 
BLOCKED status --json --session firstmate 
BLOCKED status --json --session firstmate 
BLOCKED status --json --session firstmate 
BLOCKED status --json --session firstmate 
BLOCKED status --json --session firstmate 
BLOCKED status --json --session firstmate 
BLOCKED status --json --session firstmate 
BLOCKED status --json --session firstmate 
BLOCKED status --json --session firstmate 
BLOCKED status --json --session firstmate 
BLOCKED status --json --session firstmate 
BLOCKED status --json --session firstmate 
BLOCKED status --json --session firstmate 
BLOCKED status --json --session firstmate 
BLOCKED status --json --session firstmate 
BLOCKED status --json --session firstmate 
BLOCKED status --json --session firstmate 
BLOCKED status --json --session firstmate 
BLOCKED status --json --session firstmate 
BLOCKED status --json --session firstmate 
BLOCKED status --json --session firstmate 
BLOCKED status --json --session firstmate 
BLOCKED status --json --session firstmate 
BLOCKED status --json --session firstmate 
BLOCKED status --json --session firstmate 
BLOCKED status --json --session firstmate 
BLOCKED status --json --session firstmate 
BLOCKED status --json --session firstmate 
BLOCKED status --json --session firstmate 
BLOCKED status --json --session firstmate 
BLOCKED status --json --session firstmate 
BLOCKED status --json --session firstmate 
BLOCKED status --json --session firstmate 
BLOCKED status --json --session firstmate 
BLOCKED status --json --session firstmate 
BLOCKED status --json --session firstmate 
BLOCKED status --json --session firstmate 
BLOCKED status --json --session firstmate 
BLOCKED status --json --session firstmate 
BLOCKED status --json --session firstmate 
BLOCKED status --json --session firstmate 
BLOCKED status --json --session firstmate 
BLOCKED status --json --session firstmate 
BLOCKED status --json --session firstmate 
BLOCKED status --json --session firstmate 
BLOCKED status --json --session firstmate 
BLOCKED status --json --session firstmate 
BLOCKED status --json --session firstmate 
BLOCKED status --json --session firstmate 
BLOCKED status --json --session firstmate 
BLOCKED status --json --session firstmate 
BLOCKED status --json --session firstmate 
BLOCKED status --json --session firstmate 
BLOCKED status --json --session firstmate 
BLOCKED status --json --session firstmate 
BLOCKED status --json --session firstmate 
BLOCKED status --json --session firstmate 
BLOCKED status --json --session firstmate 
BLOCKED status --json --session firstmate 
BLOCKED status --json --session firstmate 
BLOCKED status --json --session firstmate 
BLOCKED status --json --session firstmate 
BLOCKED status --json --session firstmate 
BLOCKED pane get w57:p2 --session firstmate 
BLOCKED pane get w55:p2 --session firstmate 
BLOCKED pane get w5X:p2 --session firstmate 
BLOCKED pane get w5Y:p2 --session firstmate 
BLOCKED pane get w62:p2 --session firstmate 
BLOCKED pane get w5B:p2 --session firstmate 
BLOCKED pane get w16:p2 --session firstmate 
BLOCKED pane get w60:p2 --session firstmate 
BLOCKED pane get w60:p2 --session firstmate 
BLOCKED status --json --session firstmate 
BLOCKED status --json --session firstmate 
BLOCKED server --session firstmate 
BLOCKED status --json --session firstmate 
BLOCKED status --json --session firstmate 
BLOCKED server --session firstmate 
BLOCKED status --json --session firstmate 
BLOCKED status --json --session firstmate 
BLOCKED server --session firstmate 
BLOCKED status --json --session firstmate 
BLOCKED status --json --session firstmate 
BLOCKED server --session firstmate 
BLOCKED status --json --session firstmate 
BLOCKED status --json --session firstmate 
BLOCKED status --json --session firstmate 
BLOCKED server --session firstmate 
BLOCKED status --json --session firstmate 
BLOCKED server --session firstmate 
BLOCKED status --json --session firstmate 
BLOCKED status --json --session firstmate 
BLOCKED server --session firstmate 
BLOCKED status --json --session firstmate 
BLOCKED status --json --session firstmate 
BLOCKED status --json --session firstmate 
BLOCKED status --json --session firstmate 
BLOCKED status --json --session firstmate 
BLOCKED status --json --session firstmate 
BLOCKED status --json --session firstmate 
BLOCKED status --json --session firstmate 
BLOCKED status --json --session firstmate 
BLOCKED status --json --session firstmate 
BLOCKED status --json --session firstmate 
BLOCKED status --json --session firstmate 
BLOCKED status --json --session firstmate 
BLOCKED server --session firstmate 
BLOCKED status --json --session firstmate 
BLOCKED status --json --session firstmate 
BLOCKED status --json --session firstmate 
BLOCKED status --json --session firstmate 
BLOCKED status --json --session firstmate 
BLOCKED status --json --session firstmate 
BLOCKED status --json --session firstmate 
BLOCKED status --json --session firstmate 
BLOCKED status --json --session firstmate 
BLOCKED status --json --session firstmate 
BLOCKED status --json --session firstmate 
BLOCKED status --json --session firstmate 
BLOCKED status --json --session firstmate 
BLOCKED status --json --session firstmate 
BLOCKED status --json --session firstmate 
BLOCKED status --json --session firstmate 
BLOCKED status --json --session firstmate 
BLOCKED status --json --session firstmate 
BLOCKED status --json --session firstmate 
BLOCKED status --json --session firstmate 
BLOCKED status --json --session firstmate 
BLOCKED status --json --session firstmate 
BLOCKED status --json --session firstmate 
BLOCKED status --json --session firstmate 
BLOCKED status --json --session firstmate 
BLOCKED status --json --session firstmate 
BLOCKED status --json --session firstmate 
BLOCKED status --json --session firstmate 
BLOCKED status --json --session firstmate 
BLOCKED status --json --session firstmate 
BLOCKED status --json --session firstmate 
BLOCKED status --json --session firstmate 
BLOCKED status --json --session firstmate 
BLOCKED status --json --session firstmate 
BLOCKED status --json --session firstmate 
BLOCKED status --json --session firstmate 
BLOCKED status --json --session firstmate 
BLOCKED status --json --session firstmate 
BLOCKED status --json --session firstmate 
BLOCKED status --json --session firstmate 
BLOCKED status --json --session firstmate 
BLOCKED status --json --session firstmate 
BLOCKED status --json --session firstmate 
BLOCKED status --json --session firstmate 
BLOCKED status --json --session firstmate 
BLOCKED status --json --session firstmate 
BLOCKED status --json --session firstmate 
BLOCKED status --json --session firstmate 
BLOCKED status --json --session firstmate 
BLOCKED status --json --session firstmate 
BLOCKED status --json --session firstmate 
BLOCKED status --json --session firstmate 
BLOCKED status --json --session firstmate 
BLOCKED status --json --session firstmate 
BLOCKED status --json --session firstmate 
BLOCKED status --json --session firstmate 
BLOCKED status --json --session firstmate 
BLOCKED status --json --session firstmate 
BLOCKED status --json --session firstmate 
BLOCKED status --json --session firstmate 
BLOCKED status --json --session firstmate 
BLOCKED status --json --session firstmate 
BLOCKED status --json --session firstmate 
BLOCKED status --json --session firstmate 
BLOCKED status --json --session firstmate 
BLOCKED status --json --session firstmate 
BLOCKED status --json --session firstmate 
BLOCKED status --json --session firstmate 
BLOCKED status --json --session firstmate 
BLOCKED status --json --session firstmate 
BLOCKED status --json --session firstmate 
BLOCKED status --json --session firstmate 
BLOCKED status --json --session firstmate 
BLOCKED status --json --session firstmate 
BLOCKED status --json --session firstmate 
BLOCKED status --json --session firstmate 
BLOCKED status --json --session firstmate 
BLOCKED status --json --session firstmate 
BLOCKED status --json --session firstmate 
BLOCKED status --json --session firstmate 
BLOCKED status --json --session firstmate 
BLOCKED status --json --session firstmate 
BLOCKED status --json --session firstmate 
BLOCKED status --json --session firstmate 
BLOCKED status --json --session firstmate 
BLOCKED status --json --session firstmate 
BLOCKED status --json --session firstmate 
BLOCKED status --json --session firstmate 
BLOCKED status --json --session firstmate 
BLOCKED status --json --session firstmate 
BLOCKED status --json --session firstmate 
BLOCKED status --json --session firstmate 
BLOCKED status --json --session firstmate 
BLOCKED status --json --session firstmate 
BLOCKED status --json --session firstmate 
BLOCKED status --json --session firstmate 
BLOCKED status --json --session firstmate 
BLOCKED status --json --session firstmate 
BLOCKED status --json --session firstmate 
BLOCKED status --json --session firstmate 
BLOCKED status --json --session firstmate 
BLOCKED status --json --session firstmate 
BLOCKED status --json --session firstmate 
BLOCKED status --json --session firstmate 
BLOCKED status --json --session firstmate 
BLOCKED status --json --session firstmate 
BLOCKED status --json --session firstmate 
BLOCKED status --json --session firstmate 
BLOCKED status --json --session firstmate 
BLOCKED status --json --session firstmate 
BLOCKED status --json --session firstmate 
BLOCKED status --json --session firstmate 
BLOCKED status --json --session firstmate 
BLOCKED status --json --session firstmate 
BLOCKED status --json --session firstmate 
BLOCKED status --json --session firstmate 
BLOCKED status --json --session firstmate 
BLOCKED status --json --session firstmate 
BLOCKED status --json --session firstmate 
BLOCKED status --json --session firstmate 
BLOCKED status --json --session firstmate 
BLOCKED pane get w61:p2 --session firstmate 
BLOCKED pane get w68:p2 --session firstmate 
BLOCKED pane get w6Z:p2 --session firstmate 
BLOCKED pane get w6B:p2 --session firstmate 
BLOCKED pane get w61:p2 --session firstmate 
BLOCKED pane get w6V:p2 --session firstmate 
BLOCKED pane get w6Z:p2 --session firstmate 
BLOCKED pane get w68:p2 --session firstmate 
BLOCKED pane get w66:p2 --session firstmate 
BLOCKED pane get w6V:p2 --session firstmate 
BLOCKED pane get w6B:p2 --session firstmate 
BLOCKED pane get w6Y:p2 --session firstmate 
BLOCKED pane get w6W:p2 --session firstmate 
BLOCKED pane get w66:p2 --session firstmate 
BLOCKED pane get w6W:p2 --session firstmate 
BLOCKED status --json --session firstmate 
BLOCKED pane get w6Y:p2 --session firstmate 
BLOCKED status --json --session firstmate 
BLOCKED status --json --session firstmate 
BLOCKED status --json --session firstmate 
BLOCKED status --json --session firstmate 
BLOCKED status --json --session firstmate 
BLOCKED status --json --session firstmate 
BLOCKED status --json --session firstmate 
BLOCKED status --json --session firstmate 
BLOCKED status --json --session firstmate 
BLOCKED server --session firstmate 
BLOCKED status --json --session firstmate 
BLOCKED status --json --session firstmate 
BLOCKED server --session firstmate 
BLOCKED server --session firstmate 
BLOCKED status --json --session firstmate 
BLOCKED status --json --session firstmate 
BLOCKED status --json --session firstmate 
BLOCKED server --session firstmate 
BLOCKED status --json --session firstmate 
BLOCKED status --json --session firstmate 
BLOCKED server --session firstmate 
BLOCKED status --json --session firstmate 
BLOCKED status --json --session firstmate 
BLOCKED server --session firstmate 
BLOCKED status --json --session firstmate 
BLOCKED status --json --session firstmate 
BLOCKED server --session firstmate 
BLOCKED status --json --session firstmate 
BLOCKED status --json --session firstmate 
BLOCKED status --json --session firstmate 
BLOCKED status --json --session firstmate 
BLOCKED status --json --session firstmate 
BLOCKED status --json --session firstmate 
BLOCKED status --json --session firstmate 
BLOCKED status --json --session firstmate 
BLOCKED server --session firstmate 
BLOCKED status --json --session firstmate 
BLOCKED status --json --session firstmate 
BLOCKED status --json --session firstmate 
BLOCKED status --json --session firstmate 
BLOCKED status --json --session firstmate 
BLOCKED status --json --session firstmate 
BLOCKED status --json --session firstmate 
BLOCKED status --json --session firstmate 
BLOCKED status --json --session firstmate 
BLOCKED status --json --session firstmate 
BLOCKED status --json --session firstmate 
BLOCKED status --json --session firstmate 
BLOCKED status --json --session firstmate 
BLOCKED status --json --session firstmate 
BLOCKED status --json --session firstmate 
BLOCKED status --json --session firstmate 
BLOCKED status --json --session firstmate 
BLOCKED status --json --session firstmate 
BLOCKED status --json --session firstmate 
BLOCKED status --json --session firstmate 
BLOCKED status --json --session firstmate 
BLOCKED status --json --session firstmate 
BLOCKED status --json --session firstmate 
BLOCKED status --json --session firstmate 
BLOCKED status --json --session firstmate 
BLOCKED status --json --session firstmate 
BLOCKED status --json --session firstmate 
BLOCKED status --json --session firstmate 
BLOCKED status --json --session firstmate 
BLOCKED status --json --session firstmate 
BLOCKED status --json --session firstmate 
BLOCKED status --json --session firstmate 
BLOCKED status --json --session firstmate 
BLOCKED status --json --session firstmate 
BLOCKED status --json --session firstmate 
BLOCKED status --json --session firstmate 
BLOCKED status --json --session firstmate 
BLOCKED status --json --session firstmate 
BLOCKED status --json --session firstmate 
BLOCKED status --json --session firstmate 
BLOCKED status --json --session firstmate 
BLOCKED status --json --session firstmate 
BLOCKED status --json --session firstmate 
BLOCKED status --json --session firstmate 
BLOCKED status --json --session firstmate 
BLOCKED status --json --session firstmate 
BLOCKED status --json --session firstmate 
BLOCKED status --json --session firstmate 
BLOCKED status --json --session firstmate 
BLOCKED status --json --session firstmate 
BLOCKED status --json --session firstmate 
BLOCKED status --json --session firstmate 
BLOCKED status --json --session firstmate 
BLOCKED status --json --session firstmate 
BLOCKED status --json --session firstmate 
BLOCKED status --json --session firstmate 
BLOCKED status --json --session firstmate 
BLOCKED status --json --session firstmate 
BLOCKED status --json --session firstmate 
BLOCKED status --json --session firstmate 
BLOCKED status --json --session firstmate 
BLOCKED status --json --session firstmate 
BLOCKED status --json --session firstmate 
BLOCKED status --json --session firstmate 
BLOCKED status --json --session firstmate 
BLOCKED status --json --session firstmate 
BLOCKED status --json --session firstmate 
BLOCKED status --json --session firstmate 
BLOCKED status --json --session firstmate 
BLOCKED status --json --session firstmate 
BLOCKED status --json --session firstmate 
BLOCKED status --json --session firstmate 
BLOCKED status --json --session firstmate 
BLOCKED status --json --session firstmate 
BLOCKED status --json --session firstmate 
BLOCKED status --json --session firstmate 
BLOCKED status --json --session firstmate 
BLOCKED status --json --session firstmate 
BLOCKED status --json --session firstmate 
BLOCKED status --json --session firstmate 
BLOCKED status --json --session firstmate 
BLOCKED status --json --session firstmate 
BLOCKED status --json --session firstmate 
BLOCKED status --json --session firstmate 
BLOCKED status --json --session firstmate 
BLOCKED status --json --session firstmate 
BLOCKED status --json --session firstmate 
BLOCKED status --json --session firstmate 
BLOCKED status --json --session firstmate 
BLOCKED status --json --session firstmate 
BLOCKED status --json --session firstmate 
BLOCKED status --json --session firstmate 
BLOCKED status --json --session firstmate 
BLOCKED status --json --session firstmate 
BLOCKED status --json --session firstmate 
BLOCKED status --json --session firstmate 
BLOCKED status --json --session firstmate 
BLOCKED status --json --session firstmate 
BLOCKED status --json --session firstmate 
BLOCKED status --json --session firstmate 
BLOCKED status --json --session firstmate 
BLOCKED status --json --session firstmate 
BLOCKED status --json --session firstmate 
BLOCKED status --json --session firstmate 
BLOCKED status --json --session firstmate 
BLOCKED status --json --session firstmate 
BLOCKED status --json --session firstmate 
BLOCKED status --json --session firstmate 
BLOCKED status --json --session firstmate 
BLOCKED status --json --session firstmate 
BLOCKED status --json --session firstmate 
BLOCKED status --json --session firstmate 
BLOCKED status --json --session firstmate 
BLOCKED status --json --session firstmate 
BLOCKED status --json --session firstmate 
BLOCKED status --json --session firstmate 
BLOCKED status --json --session firstmate 
BLOCKED status --json --session firstmate 
BLOCKED status --json --session firstmate 
BLOCKED status --json --session firstmate 
BLOCKED status --json --session firstmate 
BLOCKED status --json --session firstmate 
