ok - process proof reads Linux Herdr argv arrays and rejects malformed executable identities
ok - exact stale projection closes one exact pane under task then presentation locks
ok - successful cleanup is idempotent on repeat
ok - malformed title preserves the candidate
ok - missing token preserves the candidate
ok - malformed journal preserves the candidate
ok - duplicate token preserves the candidate
ok - duplicate title token preserves the candidate
ok - zero journal match preserves the candidate
ok - multiple journal matches preserves the candidate
ok - cross-home journal preserves the candidate
ok - v2 workspace binding mismatch preserves the candidate
ok - v2 tab binding mismatch preserves the candidate
ok - v2 pane binding mismatch preserves the candidate
ok - v2 cleanup requires and accepts the exact journal endpoint binding
ok - current task metadata preserves the candidate
ok - registered agent preserves the candidate
ok - unknown agent preserves the candidate
ok - multiple tabs preserves the candidate
ok - multiple panes preserves the candidate
ok - non-idle shell preserves the candidate
ok - child process or shell job preserves the candidate
ok - unreadable snapshot preserves the candidate
ok - unreadable topology check preserves the candidate
ok - revalidation race preserves the candidate
ok - active target preserves the candidate
ok - focus refusal preserves the candidate
ok - standalone bootstrap cannot run lock-owned stale projection cleanup
ok - session start runs cleanup only after acquiring its home lock
ok - journal identity changed after indexed discovery preserves the candidate
ok - fresh locked revalidation rejects journal identity changes after indexed discovery
ok - fleet discovery reads home journals once regardless of foreign projection count
ok - executable deadline preserves journals and releases both locks after interruption
all fm-herdr-session-cleanup tests passed
exit=0 duration=39s head=d89b3ea load_at_start=20.71, 19.63, 10.22
